// Jest Snapshot v1, https://goo.gl/fbAQLP

exports[`index should render MyAccountScreen correctly 1`] = `
<div
  className="content-block block-size-1-2"
>
  <Connect(WithStyles(Component)) />
</div>
`;
